	timestamp	bytes_sent	region
0	2021-04-24T12:03:05	1443	unknown
1	2021-12-31T23:06:42	1443	unknown
