	date	bytes_sent
0	2021-04-24	1443
1	2021-12-31	1443
