	timestamp	bytes_sent	region
0	2023-01-01T22:42:58	1526223	unknown
