timestamp	bytes_sent	ip_address
2020-01-01T05:06:35	512	192.0.2.0
