	filename	timestamp	bytes_sent	region
0	sub-anm215592/sub-anm215592_ses-20131015_obj-odx8px_behavior+icephys+ogen.nwb	2021-04-24 12:03:05	1443	unknown
1	sub-anm215592/sub-anm215592_ses-20131015_obj-odx8px_behavior+icephys+ogen.nwb	2021-12-31 23:06:42	1443	unknown
