timestamp	bytes_sent	ip_address
2020-01-01T22:42:58	1526223	192.0.2.0
