	filename	timestamp	bytes_sent	region
0	cbcf1d6d-7f64-4d1f-8692-75e09e177ca6	2021-04-24 12:03:05	1443	unknown
1	cbcf1d6d-7f64-4d1f-8692-75e09e177ca6	2021-12-31 23:06:42	1443	unknown
