timestamp	bytes_sent	ip_address	line_index
2022-05-04 05:06:35	512	192.0.2.0	1
