	filename	timestamp	bytes_sent	region
0	sub-MITU01/ses-20220317h10m43s39/micr/sub-MITU01_ses-20220317h10m43s39_sample-21_stain-LEC_run-1_chunk-1_SPIM.ome.zarr	2023-01-01 22:42:58	1526223	unknown
