	timestamp	bytes_sent	region
0	2019-11-13 05:06:35	4332423 US/Colorado
1	2020-04-16 05:06:35	12313153    unknown
2	2022-03-21 05:06:35	24323	MX/Zacatecas
3	2022-08-05 05:06:35	2141	CH/BeiJing
