timestamp	bytes_sent	ip_address
2021-04-24 12:03:05	1443	192.0.2.0
2021-12-31 23:06:42	1443	192.0.2.0
