asset_path	bytes_sent
sub-MITU01/ses-20220317h10m43s39/micr/sub-MITU01_ses-20220317h10m43s39_sample-21_stain-LEC_run-1_chunk-1_SPIM.ome.zarr	1526223
