	timestamp	bytes_sent	region
0	2021-12-31 23:06:42	1443	unknown
