	timestamp	bytes_sent	region
0	2021-04-24 12:03:05	1443	unknown
1	2021-12-31 23:06:42	1443	unknown
