timestamp	ip_address	object_key	bytes_sent
2021-02-03T05:06:35	192.0.2.0	blobs/11e/c89/11ec8933-1456-4942-922b-94e5878bb991	512
2021-02-03T22:42:58	192.0.2.0	zarr/cb65c877-882b-4554-8fa1-8f4e986e13a6	1526223
2021-02-03T23:06:42	192.0.2.0	blobs/a7b/032/a7b032b8-1e31-429f-975f-52a28cec6629	1443
