	timestamp	bytes_sent	region
0	2022-03-16T02:21:12	1234	AWS/us-east-2
