	date	bytes_sent
0	2022-03-16	512
1	2022-05-04	512
