timestamp	bytes_sent	ip_address
2020-01-01T23:06:42	1443	192.0.2.0
