	timestamp	bytes_sent	region
0	2020-02-24 05:06:35	124	MX/Nuevo Le√≥n
1	2021-05-21 05:06:35	1234	EC/Santa Elena
2	2022-07-01 05:06:35	512	unknown
3	2022-11-04 05:06:35	141424	FI/Uusimaa
