asset_path	bytes_sent
sub-anm215592/sub-anm215592_ses-20131015_obj-odx8px_behavior+icephys+ogen.nwb	2886
