timestamp	bytes_sent	ip_address
2023-06-26 03:05:53	6616308	192.0.2.0
