	filename	timestamp	bytes_sent	region
0	sub-YutaMouse20/sub-YutaMouse20_ses-YutaMouse20-140327_behavior+ecephys.nwb	2022-03-16T02:21:12	512	unknown
1	sub-YutaMouse20/sub-YutaMouse20_ses-YutaMouse20-140327_behavior+ecephys.nwb	2022-05-04T05:06:35	512	unknown
