timestamp	ip_address	object_key	bytes_sent
2022-04-06T03:05:53	192.0.2.0	blobs/080/1d9/0801d996-200e-4173-ab49-d1784427e96a	6616308
2022-04-06T05:06:35	192.0.2.0	blobs/11e/c89/11ec8933-1456-4942-922b-94e5878bb991	512
2022-04-06T23:06:42	192.0.2.0	blobs/a7b/032/a7b032b8-1e31-429f-975f-52a28cec6629	1443
