	filename	timestamp	bytes_sent	region
0	5e9e92e1-f044-4aa0-ab47-1cfcb8899348	2022-03-16 02:21:12	512	unknown
1	5e9e92e1-f044-4aa0-ab47-1cfcb8899348	2022-05-04 05:06:35	512	unknown
