	timestamp	bytes_sent	region
0	2022-05-04 05:06:35	512	unknown
