	timestamp	bytes_sent	region
0	2023-06-26 03:05:53	6616308	unknown
